// Jest Snapshot v1, https://goo.gl/fbAQLP

exports[`SessionResults Component renders correctly and matches snapshot 1`] = `
<DocumentFragment>
  <div
    class="MuiBox-root css-1xei2fu"
  >
    <div
      class="MuiPaper-root MuiPaper-elevation MuiPaper-rounded MuiPaper-elevation5 css-1reax9b-MuiPaper-root"
    >
      <h4
        class="MuiTypography-root MuiTypography-h4 MuiTypography-gutterBottom css-dk1kvi-MuiTypography-root"
      >
        Game Over!
      </h4>
      <div>
        Lottie Animation
      </div>
      <h2
        class="MuiTypography-root MuiTypography-h6 css-1ry679h-MuiTypography-root"
      >
        Congratulations! You did a great job!
      </h2>
      <svg
        aria-hidden="true"
        class="MuiSvgIcon-root MuiSvgIcon-fontSizeMedium css-gzwv8z-MuiSvgIcon-root"
        data-testid="CheckCircleOutlineIcon"
        focusable="false"
        viewBox="0 0 24 24"
      >
        <path
          d="M16.59 7.58 10 14.17l-3.59-3.58L5 12l5 5 8-8zM12 2C6.48 2 2 6.48 2 12s4.48 10 10 10 10-4.48 10-10S17.52 2 12 2m0 18c-4.42 0-8-3.58-8-8s3.58-8 8-8 8 3.58 8 8-3.58 8-8 8"
        />
      </svg>
      <h6
        class="MuiTypography-root MuiTypography-h6 MuiTypography-gutterBottom css-18k87ye-MuiTypography-root"
      >
        Your Score: 8/10
      </h6>
      <button
        class="MuiButtonBase-root MuiButton-root MuiButton-contained MuiButton-containedPrimary MuiButton-sizeMedium MuiButton-containedSizeMedium MuiButton-colorPrimary MuiButton-root MuiButton-contained MuiButton-containedPrimary MuiButton-sizeMedium MuiButton-containedSizeMedium MuiButton-colorPrimary css-1u6ee9p-MuiButtonBase-root-MuiButton-root"
        tabindex="0"
        type="button"
      >
        Back to Home
        <span
          class="MuiTouchRipple-root css-8je8zh-MuiTouchRipple-root"
        />
      </button>
    </div>
  </div>
</DocumentFragment>
`;
